// Jest Snapshot v1, https://goo.gl/fbAQLP

exports[`<OrderCard /> should render correctly 1`] = `
<Memo()
  orderDetails={
    Object {
      "annualMileage": "6000 miles",
      "available": "now",
      "color": "Solid - Polar white",
      "contractLength": "60 months",
      "fuel": "Petrol",
      "initailRental": "£815.70 (inc VAT)",
      "maintenance": "No",
      "orderButton": <Memo
        color="teal"
        fill="solid"
        label="View Order"
        onClick={[Function]}
        size="regular"
      />,
      "orderDate": "12.12.2020",
      "orderNumber": "204334-44-44",
      "price": 209,
      "priceDescription": "Per Month ex. VAT",
      "transmission": "Manual",
      "trim": "Cloth - Black",
    }
  }
>
  <div
    className="spec-list"
  >
    <span
      key="available"
    >
      Available
       
      now
    </span>
    <span
      key="rental"
    >
      Initial Rental
       
      £815.70 (inc VAT)
    </span>
    <span
      key="contractLength"
    >
      Contract Length
       
      60 months
    </span>
    <span
      key="annualMileage"
    >
      Annual Mileage
       
      6000 miles
    </span>
    <span
      key="maintenance"
    >
      Maintanence
       
      No
    </span>
    <span
      key="fuel"
    >
      Fuel
       
      Petrol
    </span>
    <span
      key="transmission"
    >
      Transmission
       
      Manual
    </span>
    <span
      key="color"
    >
      Color
       
      Solid - Polar white
    </span>
    <span
      key="trim"
    >
      Trim
       
      Cloth - Black
    </span>
    <hr />
    <div>
      <span>
        Order No: 
      </span>
      <span>
        204334-44-44
      </span>
    </div>
    <div>
      <span>
        Date: 
      </span>
      <span>
        12.12.2020
      </span>
    </div>
  </div>
  <div
    className="-flex-h"
  >
    <Price
      price={209}
      priceDescription="Per Month ex. VAT"
      separator="."
      size="large"
    />
    <Memo([object Object])
      color="teal"
      fill="solid"
      label="View Order"
      onClick={[Function]}
      size="regular"
    />
  </div>
</Memo()>
`;
