// Jest Snapshot v1, https://goo.gl/fbAQLP

exports[`<OrderCard /> should render correctly 1`] = `
<div>
  <div
    class="card card--order"
    data-testid="card"
  >
    <div
      class="spec-list"
    >
      <span>
        Available
         
        now
      </span>
      <span>
        Initial Rental
         
        £815.70 (inc VAT)
      </span>
      <span>
        Contract Length
         
        60 months
      </span>
      <span>
        Annual Mileage
         
        6000 miles
      </span>
      <span>
        Maintenance
         
        No
      </span>
      <span>
        Fuel
         
        Petrol
      </span>
      <span>
        Transmission
         
        Manual
      </span>
      <span>
        Colour
         
        Solid - Polar white
      </span>
      <span>
        Trim
         
        Cloth - Black
      </span>
      <hr />
      <div>
        <span>
          Order No: 
        </span>
        <span>
          204334-44-44
        </span>
      </div>
      <div>
        <span>
          Date: 
        </span>
        <span>
          12.12.2020
        </span>
      </div>
    </div>
    <div
      class="-flex-h"
    >
      <div
        class="price -large -black"
      >
        <div
          class="price--inner"
        >
          <span
            class="price--sub"
          >
            £
          </span>
          <span
            class="price--pounds"
          >
            209
          </span>
          <span
            class="price--sub"
          >
            .
            00
          </span>
        </div>
        <div
          class="price--label"
        >
          Per Month ex. VAT
        </div>
      </div>
      <button
        class="button -teal -regular -solid"
      >
        <div
          class="button--inner"
        >
          View Order
        </div>
      </button>
    </div>
  </div>
</div>
`;
