// Jest Snapshot v1, https://goo.gl/fbAQLP

exports[`<FiltersContainer /> should render with data 1`] = `
<body>
  <div>
    <div
      class="search-filters"
      data-uitestid="cars-search-page_div_search-filters"
    >
      <div
        aria-level="3"
        class="search-filters--title"
        role="heading"
      >
        <i
          class="icon search-filters--title-icon"
        >
          <svg
            height="1em"
            viewBox="0 0 512 512"
            width="1em"
          >
            <path
              d="M64,144H290.75a48,48,0,0,0,90.5,0H448a16,16,0,0,0,0-32H381.25a48,48,0,0,0-90.5,0H64a16,16,0,0,0,0,32Z"
            />
            <path
              d="M448,368H381.25a48,48,0,0,0-90.5,0H64a16,16,0,0,0,0,32H290.75a48,48,0,0,0,90.5,0H448a16,16,0,0,0,0-32Z"
            />
            <path
              d="M448,240H221.25a48,48,0,0,0-90.5,0H64a16,16,0,0,0,0,32h66.75a48,48,0,0,0,90.5,0H448a16,16,0,0,0,0-32Z"
            />
          </svg>
        </i>
        <span
          data-uitestid="cars-search-page_span_filters"
        >
          Filters
        </span>
        <i
          class="icon search-filters--title-icon -white"
        >
          <svg
            height="1em"
            viewBox="0 0 512 512"
            width="1em"
          >
            <polyline
              points="112 184 256 328 400 184"
              style="fill: none; stroke: var(--class-color); stroke-linecap: round; stroke-linejoin: round; stroke-width: 48;"
            />
          </svg>
        </i>
      </div>
      <div
        class="toggle--wrapper search-filters--toggle"
      >
        <input
          autocomplete="off"
          checked=""
          class="toggle toggle--input"
          data-uitestid="cars-search-page_input_contractType"
          id="contractType"
          type="checkbox"
        />
        <label
          class="toggle--input-label -orange"
          for="contractType"
        >
          <span
            class="toggle--switch"
          >
            <span
              class="toggle--on"
              data-uitestid="cars-search-page_Personal"
            >
              Personal
            </span>
            <span
              class="toggle--off"
              data-uitestid="cars-search-page_Business"
            >
              Business
            </span>
          </span>
        </label>
      </div>
      <div
        class="dropdown search-filters--dropdown"
      >
        <button
          class="dropdown--toggle"
          type="button"
        >
          <span
            data-uitestid="cars-search-page_span_Make & Model"
          >
            Make & Model
          </span>
          <i
            class="icon -dark"
          >
            <svg
              height="1em"
              viewBox="0 0 512 512"
              width="1em"
            >
              <polyline
                points="112 184 256 328 400 184"
                style="fill: none; stroke: var(--class-color); stroke-linecap: square; stroke-miterlimit: 10; stroke-width: 48;"
              />
            </svg>
          </i>
        </button>
        <div
          class="dropdown--content"
        >
          <div
            class="formgroup"
          >
            <label
              class="formgroup--legend"
            >
              Make
            </label>
            <div
              class="formgroup--content"
            >
              <div
                class="select"
              >
                <select
                  class="select--native"
                  data-uitestid="cars-search-page_select_manufacturer"
                  name="manufacturer"
                >
                  <option
                    disabled=""
                    value=""
                  >
                    Select make
                  </option>
                  <option
                    value="Citroën"
                  >
                    Citroën
                  </option>
                  <option
                    value="Dacia"
                  >
                    Dacia
                  </option>
                  <option
                    value="BMW"
                  >
                    BMW
                  </option>
                </select>
                <span
                  class="icon select--chevron"
                >
                  <i
                    class="icon -stroke -dark"
                  >
                    <svg
                      height="1em"
                      viewBox="0 0 512 512"
                      width="1em"
                    >
                      <polyline
                        points="112 184 256 328 400 184"
                        style="fill: none; stroke: var(--class-color); stroke-linecap: round; stroke-linejoin: round; stroke-width: 48;"
                      />
                    </svg>
                  </i>
                </span>
              </div>
            </div>
          </div>
          <div
            class="formgroup"
          >
            <label
              class="formgroup--legend"
            >
              Model
            </label>
            <div
              class="formgroup--content"
            >
              <div
                class="select"
              >
                <select
                  class="select--native"
                  data-uitestid="cars-search-page_select_model"
                  name="model"
                >
                  <option
                    disabled=""
                    value=""
                  >
                    Select model
                  </option>
                </select>
                <span
                  class="icon select--chevron"
                >
                  <i
                    class="icon -stroke -dark"
                  >
                    <svg
                      height="1em"
                      viewBox="0 0 512 512"
                      width="1em"
                    >
                      <polyline
                        points="112 184 256 328 400 184"
                        style="fill: none; stroke: var(--class-color); stroke-linecap: round; stroke-linejoin: round; stroke-width: 48;"
                      />
                    </svg>
                  </i>
                </span>
              </div>
            </div>
          </div>
          <button
            class="button -fullwidth -teal -small -solid"
            data-testid="Make & Modelbtn"
            data-uitestid="cars-search-page_button_Make & Model"
          >
            <div
              class="button--inner"
            >
              View 10 Results
            </div>
          </button>
        </div>
      </div>
      <div
        class="dropdown search-filters--dropdown"
      >
        <button
          class="dropdown--toggle"
          type="button"
        >
          <span
            data-uitestid="cars-search-page_span_Budget"
          >
            Budget
          </span>
          <i
            class="icon -dark"
          >
            <svg
              height="1em"
              viewBox="0 0 512 512"
              width="1em"
            >
              <polyline
                points="112 184 256 328 400 184"
                style="fill: none; stroke: var(--class-color); stroke-linecap: square; stroke-miterlimit: 10; stroke-width: 48;"
              />
            </svg>
          </i>
        </button>
        <div
          class="dropdown--content"
        >
          <div
            class="formgroup"
          >
            <label
              class="formgroup--legend"
            >
              Price From
            </label>
            <div
              class="formgroup--content"
            >
              <div
                class="select"
              >
                <select
                  class="select--native"
                  data-uitestid="cars-search-page_select_from"
                  name="from"
                >
                  <option
                    disabled=""
                    value=""
                  >
                    Select from
                  </option>
                  <option
                    value="0"
                  >
                    £0
                  </option>
                  <option
                    value="150"
                  >
                    £150
                  </option>
                  <option
                    value="250"
                  >
                    £250
                  </option>
                  <option
                    value="350"
                  >
                    £350
                  </option>
                  <option
                    value="450"
                  >
                    £450
                  </option>
                  <option
                    value="550"
                  >
                    £550
                  </option>
                </select>
                <span
                  class="icon select--chevron"
                >
                  <i
                    class="icon -stroke -dark"
                  >
                    <svg
                      height="1em"
                      viewBox="0 0 512 512"
                      width="1em"
                    >
                      <polyline
                        points="112 184 256 328 400 184"
                        style="fill: none; stroke: var(--class-color); stroke-linecap: round; stroke-linejoin: round; stroke-width: 48;"
                      />
                    </svg>
                  </i>
                </span>
              </div>
            </div>
          </div>
          <div
            class="formgroup"
          >
            <label
              class="formgroup--legend"
            >
              Price To
            </label>
            <div
              class="formgroup--content"
            >
              <div
                class="select"
              >
                <select
                  class="select--native"
                  data-uitestid="cars-search-page_select_to"
                  name="to"
                >
                  <option
                    disabled=""
                    value=""
                  >
                    Select to
                  </option>
                  <option
                    value="150"
                  >
                    £150
                  </option>
                  <option
                    value="250"
                  >
                    £250
                  </option>
                  <option
                    value="350"
                  >
                    £350
                  </option>
                  <option
                    value="450"
                  >
                    £450
                  </option>
                  <option
                    value="550"
                  >
                    £550
                  </option>
                  <option
                    value="550+"
                  >
                    £550+
                  </option>
                </select>
                <span
                  class="icon select--chevron"
                >
                  <i
                    class="icon -stroke -dark"
                  >
                    <svg
                      height="1em"
                      viewBox="0 0 512 512"
                      width="1em"
                    >
                      <polyline
                        points="112 184 256 328 400 184"
                        style="fill: none; stroke: var(--class-color); stroke-linecap: round; stroke-linejoin: round; stroke-width: 48;"
                      />
                    </svg>
                  </i>
                </span>
              </div>
            </div>
          </div>
          <button
            class="button -fullwidth -teal -small -solid"
            data-testid="Budgetbtn"
            data-uitestid="cars-search-page_button_Budget"
          >
            <div
              class="button--inner"
            >
              View 10 Results
            </div>
          </button>
        </div>
      </div>
      <div
        class="dropdown search-filters--dropdown"
      >
        <button
          class="dropdown--toggle"
          type="button"
        >
          <span
            data-uitestid="cars-search-page_span_Body Type"
          >
            Body Type
          </span>
          <i
            class="icon -dark"
          >
            <svg
              height="1em"
              viewBox="0 0 512 512"
              width="1em"
            >
              <polyline
                points="112 184 256 328 400 184"
                style="fill: none; stroke: var(--class-color); stroke-linecap: square; stroke-miterlimit: 10; stroke-width: 48;"
              />
            </svg>
          </i>
        </button>
        <div
          class="dropdown--content"
        >
          <div
            class="formgroup"
            data-testid="Body Type"
            data-uitestid="cars-search-page_formgroup_Body Type"
          >
            <label
              class="formgroup--legend"
            >
              Body Type
            </label>
            <div
              class="formgroup--content"
            >
              <div
                class="choice-boxes -cols-1 -medium"
              >
                <button
                  class="choice-box"
                  type="button"
                >
                  <span
                    class="choice-label"
                    data-uitestid="cars-search-page_span_Dropside Tipper"
                  >
                    Dropside Tipper
                  </span>
                </button>
                <button
                  class="choice-box"
                  type="button"
                >
                  <span
                    class="choice-label"
                    data-uitestid="cars-search-page_span_Large Van"
                  >
                    Large Van
                  </span>
                </button>
              </div>
            </div>
          </div>
          <button
            class="button -fullwidth -teal -small -solid"
            data-testid="Body Typebtn"
            data-uitestid="cars-search-page_button_Body Type"
          >
            <div
              class="button--inner"
            >
              View 10 Results
            </div>
          </button>
        </div>
      </div>
      <div
        class="dropdown search-filters--dropdown"
      >
        <button
          class="dropdown--toggle"
          type="button"
        >
          <span
            data-uitestid="cars-search-page_span_Transmission"
          >
            Transmission
          </span>
          <i
            class="icon -dark"
          >
            <svg
              height="1em"
              viewBox="0 0 512 512"
              width="1em"
            >
              <polyline
                points="112 184 256 328 400 184"
                style="fill: none; stroke: var(--class-color); stroke-linecap: square; stroke-miterlimit: 10; stroke-width: 48;"
              />
            </svg>
          </i>
        </button>
        <div
          class="dropdown--content"
        >
          <div
            class="formgroup"
            data-testid="Transmission"
            data-uitestid="cars-search-page_formgroup_Transmission"
          >
            <label
              class="formgroup--legend"
            >
              Transmission
            </label>
            <div
              class="formgroup--content"
            >
              <div
                class="choice-boxes -cols-1 -medium"
              >
                <button
                  class="choice-box"
                  type="button"
                >
                  <span
                    class="choice-label"
                    data-uitestid="cars-search-page_span_Automatic"
                  >
                    Automatic
                  </span>
                </button>
                <button
                  class="choice-box"
                  type="button"
                >
                  <span
                    class="choice-label"
                    data-uitestid="cars-search-page_span_Manual"
                  >
                    Manual
                  </span>
                </button>
              </div>
            </div>
          </div>
          <button
            class="button -fullwidth -teal -small -solid"
            data-testid="Transmissionbtn"
            data-uitestid="cars-search-page_button_Transmission"
          >
            <div
              class="button--inner"
            >
              View 10 Results
            </div>
          </button>
        </div>
      </div>
      <div
        class="dropdown search-filters--dropdown"
      >
        <button
          class="dropdown--toggle"
          type="button"
        >
          <span
            data-uitestid="cars-search-page_span_Fuel Type"
          >
            Fuel Type
          </span>
          <i
            class="icon -dark"
          >
            <svg
              height="1em"
              viewBox="0 0 512 512"
              width="1em"
            >
              <polyline
                points="112 184 256 328 400 184"
                style="fill: none; stroke: var(--class-color); stroke-linecap: square; stroke-miterlimit: 10; stroke-width: 48;"
              />
            </svg>
          </i>
        </button>
        <div
          class="dropdown--content"
        >
          <div
            class="formgroup"
            data-testid="Fuel Type"
            data-uitestid="cars-search-page_formgroup_Fuel Type"
          >
            <label
              class="formgroup--legend"
            >
              Fuel Type
            </label>
            <div
              class="formgroup--content"
            >
              <div
                class="choice-boxes -cols-1 -medium"
              >
                <button
                  class="choice-box"
                  type="button"
                >
                  <span
                    class="choice-label"
                    data-uitestid="cars-search-page_span_diesel"
                  >
                    diesel
                  </span>
                </button>
                <button
                  class="choice-box"
                  type="button"
                >
                  <span
                    class="choice-label"
                    data-uitestid="cars-search-page_span_petrol"
                  >
                    petrol
                  </span>
                </button>
              </div>
            </div>
          </div>
          <button
            class="button -fullwidth -teal -small -solid"
            data-testid="Fuel Typebtn"
            data-uitestid="cars-search-page_button_Fuel Type"
          >
            <div
              class="button--inner"
            >
              View 10 Results
            </div>
          </button>
        </div>
      </div>
      <div
        class="search-filters--tags"
      />
    </div>
  </div>
</body>
`;
