// Jest Snapshot v1, https://goo.gl/fbAQLP

exports[`<League /> renders correctly 1`] = `
Array [
  <div>
    <div
      className="image -expand -plain"
    >
      <span
        className="image--native"
        style={
          Object {
            "display": "inline-block",
          }
        }
      />
    </div>
  </div>,
  <div>
    <span
      className="heading -black -large"
    >
      The Vanarama National League
    </span>
    <span
      className="text -lead -darker"
    >
      Read About Our Sponsorship
       
      <a
        className="link -teal -regular -plain"
        onClick={[Function]}
      >
        Here
      </a>
    </span>
    <div
      className="image -expand -plain"
    >
      <span
        className="image--native"
        style={
          Object {
            "display": "inline-block",
          }
        }
      />
    </div>
  </div>,
]
`;

exports[`<League /> renders correctly with optional props 1`] = `
Array [
  <div>
    <div
      className="image -expand -plain"
    >
      <span
        className="image--native"
        style={
          Object {
            "display": "inline-block",
          }
        }
      />
    </div>
  </div>,
  <div>
    <span
      className="heading -black -large"
    >
      The Vanarama National League
    </span>
    <span
      className="text -lead -darker"
    >
      Read About Our Sponsorship
       
      <a
        className="link -teal -regular -plain"
        onClick={[Function]}
      >
        Here
      </a>
    </span>
    <div
      className="image -expand -plain"
    >
      <span
        className="image--native"
        style={
          Object {
            "display": "inline-block",
          }
        }
      />
    </div>
  </div>,
]
`;
