// Jest Snapshot v1, https://goo.gl/fbAQLP

exports[`<CustomerTestimonialsContainer /> should match snapshot 1`] = `
<body>
  <div>
    <div
      class="testimonials--content"
    >
      <h1
        class="heading -black -xlarge"
      >
        Customer Testimonials & Reviews for Vanarama
      </h1>
      <br />
      <div
        class="review"
      >
        <div
          class="image -expand -round"
        >
          <img
            class="image--native"
            sizes="(min-width:3200px) 800px, 1200px"
            src="https://eu.ui-avatars.com/api/?name=name=Steven Buckle&color=ffffff&background=0A0D10&format=svg&rounded=true"
          />
        </div>
        <p
          class="heading -black -regular"
        >
          Cheaper than buying
        </p>
        <div
          class="rating -regular -orange"
        >
          <span>
            <i
              class="icon -orange"
            >
              <svg
                height="1em"
                viewBox="0 0 512 512"
                width="1em"
              >
                <title>
                  ionicons-v5-e
                </title>
                <path
                  d="M496,203.3H312.36L256,32,199.64,203.3H16L166.21,308.7,107.71,480,256,373.84,404.29,480,345.68,308.7Z"
                />
              </svg>
            </i>
          </span>
          <span>
            <i
              class="icon -orange"
            >
              <svg
                height="1em"
                viewBox="0 0 512 512"
                width="1em"
              >
                <title>
                  ionicons-v5-e
                </title>
                <path
                  d="M496,203.3H312.36L256,32,199.64,203.3H16L166.21,308.7,107.71,480,256,373.84,404.29,480,345.68,308.7Z"
                />
              </svg>
            </i>
          </span>
          <span>
            <i
              class="icon -orange"
            >
              <svg
                height="1em"
                viewBox="0 0 512 512"
                width="1em"
              >
                <title>
                  ionicons-v5-e
                </title>
                <path
                  d="M496,203.3H312.36L256,32,199.64,203.3H16L166.21,308.7,107.71,480,256,373.84,404.29,480,345.68,308.7Z"
                />
              </svg>
            </i>
          </span>
          <span>
            <i
              class="icon -orange"
            >
              <svg
                height="1em"
                viewBox="0 0 512 512"
                width="1em"
              >
                <title>
                  ionicons-v5-e
                </title>
                <path
                  d="M496,203.3H312.36L256,32,199.64,203.3H16L166.21,308.7,107.71,480,256,373.84,404.29,480,345.68,308.7ZM274.63,347.82,256,334.49V134.39l26,78.91,7.24,22H394.63l-67.32,47.2-19.69,13.81,7.78,22.75,26.26,76.75Z"
                />
              </svg>
            </i>
          </span>
          <span>
            <i
              class="icon -orange"
            >
              <svg
                height="1em"
                viewBox="0 0 512 512"
                width="1em"
              >
                <title>
                  ionicons-v5-e
                </title>
                <path
                  d="M480,208H308L256,48,204,208H32l140,96L118,464,256,364,394,464,340,304Z"
                  style="fill: none; stroke: var(--class-color); stroke-linejoin: round; stroke-width: 32;"
                />
              </svg>
            </i>
          </span>
          <span
            class="text -regular -dark"
          >
            3.9
          </span>
        </div>
        <span
          class="text review--content -regular -darker"
        >
          I can't really compare you with any of the other companies out there as I've not used them. I guess that speaks for itself!
        </span>
        <span
          class="text review--meta -xsmall -black"
        >
          <span>
            Steven Buckle
          </span>
          <span>
            2020-02-11
          </span>
        </span>
      </div>
      <div
        class="button-group"
      >
        <button
          class="button -teal -regular -outline"
        >
          <div
            class="button--inner"
          >
            View More Reviews
          </div>
        </button>
      </div>
    </div>
    <div
      class="testimonials--sidebar"
    >
      <div
        class="testimonials--sidebar--service tilebox"
      >
        <div
          class="image -expand -round"
        >
          <img
            alt="Fleet-Icon"
            class="image--native"
            sizes="(min-width:3200px) 800px, 1200px"
            src="//images.ctfassets.net/3xid768u5joa/3a609lEJL2WBF9fBG9V6N6/9bbcee8eba6f7deecfbbab92582283e2/Fleet-Icon.png"
          />
        </div>
        <div>
          <p
            class="heading -black -regular"
          >
            Affordable Monthly Payments
          </p>
          <span
            class="text -small -darker"
          >
            With set monthly payments, you'll always know where you stand.
          </span>
        </div>
      </div>
      <div
        class="testimonials--sidebar--service tilebox"
      >
        <div
          class="image -expand -round"
        >
          <img
            alt="Fleet-Icon"
            class="image--native"
            sizes="(min-width:3200px) 800px, 1200px"
            src="//images.ctfassets.net/3xid768u5joa/3a609lEJL2WBF9fBG9V6N6/9bbcee8eba6f7deecfbbab92582283e2/Fleet-Icon.png"
          />
        </div>
        <div>
          <p
            class="heading -black -regular"
          >
            Brand New Vehicles
          </p>
          <span
            class="text -small -darker"
          >
            All our vehicles are brand new with zero mileage.
          </span>
        </div>
      </div>
      <div
        class="testimonials--sidebar--service tilebox"
      >
        <div
          class="image -expand -round"
        >
          <img
            alt="Fleet-Icon"
            class="image--native"
            sizes="(min-width:3200px) 800px, 1200px"
            src="//images.ctfassets.net/3xid768u5joa/3a609lEJL2WBF9fBG9V6N6/9bbcee8eba6f7deecfbbab92582283e2/Fleet-Icon.png"
          />
        </div>
        <div>
          <p
            class="heading -black -regular"
          >
            Peace Of Mind
          </p>
          <span
            class="text -small -darker"
          >
            All our vehicles come with 3-year manufacturer warranty and MOT included.
          </span>
        </div>
      </div>
      <div
        class="testimonials--sidebar--service tilebox"
      >
        <div
          class="image -expand -round"
        >
          <img
            alt=""
            class="image--native"
            sizes="(min-width:3200px) 800px, 1200px"
            src=""
          />
        </div>
        <div>
          <p
            class="heading -black -regular"
          >
            Flexible Options
          </p>
          <span
            class="text -small -darker"
          >
            Choose the mileage, length of contract and initial payment to suit you.
          </span>
        </div>
      </div>
    </div>
    <div
      class="row:bg-lighter"
    >
      <div
        class="row:features-4col"
      >
        <h2
          class="heading -black -large"
        />
        <div>
          <div
            class="tile -plain -button -align-center -plain"
          >
            <div
              style="display: flex; justify-content: center;"
            >
              <div
                class="image -large -round -inline"
              >
                <img
                  alt="redundancy-life-event-cover"
                  class="image--native"
                  sizes="(min-width:3200px) 800px, 1200px"
                  src="//images.ctfassets.net/3xid768u5joa/3kTJFwdjcWkVHexxDcRSju/d94c9af10e343bfc271e2ed3204b56e0/redundancy.jpg"
                />
              </div>
            </div>
            <span
              class="tile--link"
            >
              <span
                class="heading -black -regular"
              >
                Extra Protection
              </span>
            </span>
            <p
              class="text -regular -darker"
            >
              Redundancy & Life Event Cover included free with every car lease*.
            </p>
          </div>
        </div>
        <div>
          <div
            class="tile -plain -button -align-center -plain"
          >
            <div
              style="display: flex; justify-content: center;"
            >
              <div
                class="image -large -round -inline"
              >
                <img
                  alt="Vanarama-Price-Promise-Icon"
                  class="image--native"
                  sizes="(min-width:3200px) 800px, 1200px"
                  src="//images.ctfassets.net/3xid768u5joa/4v2ALClaL6YnE0NYRsd8uc/7e92f2b83eb9e594ced8269152961026/Icon-PricePromise-RGB.png"
                />
              </div>
            </div>
            <span
              class="tile--link"
            >
              <span
                class="heading -black -regular"
              >
                No Hidden Fees
              </span>
            </span>
            <p
              class="text -regular -darker"
            >
              We don’t charge admin fees & have a free 30-day returns policy.
            </p>
          </div>
        </div>
        <div>
          <div
            class="tile -plain -button -align-center -plain"
          >
            <div
              style="display: flex; justify-content: center;"
            >
              <div
                class="image -large -round -inline"
              >
                <img
                  alt="Insurance-Icon"
                  class="image--native"
                  sizes="(min-width:3200px) 800px, 1200px"
                  src="//images.ctfassets.net/3xid768u5joa/3KhuHOZWIeppLEsCTcouiY/a384211adc3f246728f3c5fd9d8cf637/Insurance-Icon.png"
                />
              </div>
            </div>
            <span
              class="tile--link"
            >
              <span
                class="heading -black -regular"
              >
                Expert Advice
              </span>
            </span>
            <p
              class="text -regular -darker"
            >
              Our experts are on hand for any info you need about leasing.
            </p>
          </div>
        </div>
      </div>
    </div>
    <section
      class="row:featured-right"
    >
      <div>
        <h2
          class="heading -black -lead"
        >
          About Vanarama
        </h2>
        <p
          class="text -regular -darker"
        >
          Vanarama is an award-winning vehicle leasing company and the leading destination to get you driving the vehicle you want for less.
We started out in 2004 leasing vans (hence the name) but since then we’ve grown & grown and now, whether you're looking for your dream car, a new van or even a pickup truck... we've got you covered.
        </p>
        <p
          class="text -regular -darker"
        >
          At Vanarama, we understand that your vehicle is a statement about you and so we wanted to make it as easy to upgrade as you would your mobile phone! We’ll get you moving in the most cost-effective, simple way possible & we'll be there every step of the way - from choosing your new car to delivery straight to your door.
        </p>
      </div>
    </section>
  </div>
  <script
    src="https://widget.trustpilot.com/bootstrap/v5/tp.widget.bootstrap.min.js"
  />
</body>
`;
