// Jest Snapshot v1, https://goo.gl/fbAQLP

exports[`<CustomiseLease /> renders correctly 1`] = `
<div
  className="pdp--sidebar"
>
  <h2
    className="heading -black -xlarge"
  >
    Customise Your Lease
  </h2>
  <span
    className="heading -black -regular"
  >
    Lease Type
  </span>
  <div
    className="choiceboxes -cols-2 -teal"
  >
    <button
      className="choicebox"
      disabled={false}
      onClick={[Function]}
      type="button"
    >
      Personal
    </button>
    <button
      className="choicebox -active"
      disabled={false}
      onClick={[Function]}
      type="button"
    >
      Business
    </button>
  </div>
  <span
    className="heading -black -regular"
  >
    Annual Mileage:
    <span
      className="text -b -ml-100 -regular -orange"
    >
      8000 Miles
    </span>
  </span>
  <div
    className="sliding-input"
    onClick={[Function]}
    onMouseDown={[Function]}
    onMouseLeave={[Function]}
    onMouseMove={[Function]}
    onMouseUp={[Function]}
    onTouchEnd={[Function]}
    onTouchMove={[Function]}
    role="button"
    style={
      Object {
        "--length": 3,
        "--value": 1,
      }
    }
  >
    <div
      className="sliding-input-fill"
    >
      <div
        className="sliding-input-value"
      />
    </div>
    <div
      className="sliding-input-handle"
    />
    <div
      className="sliding-input-step"
    >
      6K
    </div>
    <div
      className="sliding-input-step"
    >
      8K
    </div>
    <div
      className="sliding-input-step"
    >
      10K
    </div>
  </div>
  <span
    className="heading -black -regular"
  >
    Length Of Lease:
    <span
      className="text -b -ml-100 -regular -orange"
    >
      24 Months
    </span>
  </span>
  <div
    className="choiceboxes -cols-2 -teal"
  >
    <button
      className="choicebox"
      disabled={false}
      onClick={[Function]}
      type="button"
    >
      24
    </button>
    <button
      className="choicebox -active"
      disabled={false}
      onClick={[Function]}
      type="button"
    >
      36
    </button>
  </div>
  <span
    className="heading -black -regular"
  >
    Initial Payment: 
    <span
      className="text -b -ml-100 -regular -orange"
    >
      £605.95 exc. VAT
    </span>
  </span>
  <div
    className="choiceboxes -cols-2 -teal"
  >
    <button
      className="choicebox"
      disabled={false}
      onClick={[Function]}
      type="button"
    >
      1
    </button>
    <button
      className="choicebox -active"
      disabled={false}
      onClick={[Function]}
      type="button"
    >
      3
    </button>
  </div>
  <span
    className="heading -black -regular"
  >
    Vehicle Options
  </span>
  <div
    className="select -fullwidth"
  >
    <select
      className="select--native"
      data-testid="13990"
      defaultValue="13990"
      disabled={false}
      onChange={[Function]}
    >
      <option
        disabled={true}
        value=""
      >
        Select Paint Colour
      </option>
      <option
        value="13990"
      >
        Solid - Polar white
      </option>
    </select>
    <span
      className="icon select--chevron"
    >
      <i
        className="icon -stroke -dark"
      >
        <svg
          height="1em"
          viewBox="0 0 512 512"
          width="1em"
        >
          <polyline
            points="112 184 256 328 400 184"
            style={
              Object {
                "fill": "none",
                "stroke": "var(--class-color)",
                "strokeLinecap": "round",
                "strokeLinejoin": "round",
                "strokeWidth": 48,
              }
            }
          />
        </svg>
      </i>
    </span>
  </div>
  <div
    className="select -fullwidth"
  >
    <select
      className="select--native"
      data-testid="112981"
      disabled={false}
      onChange={[Function]}
      value=""
    >
      <option
        disabled={true}
        value=""
      >
        Select Interior
      </option>
      <option
        value="104562"
      >
        Leather - Cranberry red
      </option>
    </select>
    <span
      className="icon select--chevron"
    >
      <i
        className="icon -stroke -dark"
      >
        <svg
          height="1em"
          viewBox="0 0 512 512"
          width="1em"
        >
          <polyline
            points="112 184 256 328 400 184"
            style={
              Object {
                "fill": "none",
                "stroke": "var(--class-color)",
                "strokeLinecap": "round",
                "strokeLinejoin": "round",
                "strokeWidth": 48,
              }
            }
          />
        </svg>
      </i>
    </span>
  </div>
  <span
    className="heading -black -regular"
  >
    Add Maintenance:
    <span
      className="text -b -ml-100 -regular -orange"
    >
      £61.75 Per Month exc. VAT
    </span>
  </span>
  <a
    className="link -primary -small -plain"
    onClick={[Function]}
  >
    See What's Included
  </a>
  <div
    className="formgroup"
  >
    <div
      className="formgroup--content"
    >
      <div
        className="radio"
      >
        <input
          className="radio--native"
          disabled={false}
          id="maintenanceCost"
          name="maintenance"
          onChange={[Function]}
          type="radio"
        />
        <label
          className="radio--label"
          htmlFor="maintenanceCost"
        >
          <span
            className="text -regular -darker"
          >
            YES, I want peace of mind and to keep things hassle-free
          </span>
        </label>
      </div>
      <div
        className="radio"
      >
        <input
          className="radio--native"
          disabled={false}
          id="leaseCost"
          name="maintenance"
          onChange={[Function]}
          type="radio"
        />
        <label
          className="radio--label"
          htmlFor="leaseCost"
        >
          <span
            className="text -regular -darker"
          >
            NO, I want to worry about sorting the maintenance costs myself
          </span>
        </label>
      </div>
    </div>
  </div>
  <div
    className="pdp--order-summary"
  >
    <p
      className="heading -inherit -primary -small"
    >
      ORDER SUMMARY
    </p>
    <section
      className="structured-list -compact"
    >
      <div
        className="structured-list-tbody"
      >
        <div
          className="structured-list-row "
        >
          <div
            className="structured-list-td structured-list-content--nowrap"
            data-testid="data_id-0-Processing Fee:"
          >
            Processing Fee:
          </div>
          <div
            className="structured-list-td"
            data-testid="processingFee"
          >
            FREE
          </div>
        </div>
        <div
          className="structured-list-row "
        >
          <div
            className="structured-list-td structured-list-content--nowrap"
            data-testid="data_id-1-Initial Payment:"
          >
            Initial Payment:
          </div>
          <div
            className="structured-list-td"
            data-testid="initialPayment"
          >
            £605.95 (exc. VAT)
          </div>
        </div>
        <div
          className="structured-list-row "
        >
          <div
            className="structured-list-td structured-list-content--nowrap"
            data-testid="data_id-2-Contract Length:"
          >
            Contract Length:
          </div>
          <div
            className="structured-list-td"
            data-testid="contractLengthile"
          >
            24 months
          </div>
        </div>
        <div
          className="structured-list-row "
        >
          <div
            className="structured-list-td structured-list-content--nowrap"
            data-testid="data_id-3-Annual Mileage:"
          >
            Annual Mileage:
          </div>
          <div
            className="structured-list-td"
            data-testid="annualMileage"
          >
            8000 miles
          </div>
        </div>
        <div
          className="structured-list-row "
        >
          <div
            className="structured-list-td structured-list-content--nowrap"
            data-testid="data_id-4-Maintenance:"
          >
            Maintenance:
          </div>
          <div
            className="structured-list-td"
            data-testid="maintenance"
          >
            No
          </div>
        </div>
        <div
          className="structured-list-row "
        >
          <div
            className="structured-list-td structured-list-content--nowrap"
            data-testid="data_id-5-Colour:"
          >
            Colour:
          </div>
          <div
            className="structured-list-td"
            data-testid="colour"
          >
            Solid - Polar white
          </div>
        </div>
        <div
          className="structured-list-row "
        >
          <div
            className="structured-list-td structured-list-content--nowrap"
            data-testid="data_id-6-Trim / Interior:"
          >
            Trim / Interior:
          </div>
          <div
            className="structured-list-td"
            data-testid="trim"
          >
            -
          </div>
        </div>
        <div
          className="structured-list-row "
        >
          <div
            className="structured-list-td structured-list-content--nowrap"
            data-testid="data_id-7-Stock:"
          >
            Stock:
          </div>
          <div
            className="structured-list-td"
            data-testid="stock"
          >
            Brand New - Free, Fast Delivery
          </div>
        </div>
        <div
          className="structured-list-row "
        >
          <div
            className="structured-list-td structured-list-content--nowrap"
            data-testid="data_id-8-Redundancy & Life Cover:"
          >
            Redundancy & Life Cover:
          </div>
          <div
            className="structured-list-td"
            data-testid="redundancy"
          >
            Included
          </div>
        </div>
      </div>
    </section>
  </div>
  <div
    className="lease-scanner--sticky-wrap start-screen"
    style={
      Object {
        "opacity": "1",
      }
    }
  >
    <div
      className="lease-scanner"
      style={
        Object {
          "--lease-scanner-height": "6.75rem",
        }
      }
    >
      <div
        style={
          Object {
            "height": "2rem",
          }
        }
      >
        <div
          className="price -xlarge -black"
        >
          <span
            className="price--sub"
          >
            £
          </span>
          <span
            className="price--pounds"
          >
            605
          </span>
          <span
            className="price--sub"
          >
            .
            95
          </span>
        </div>
        <div
          className="heading headingText -pt-100 -darker -small"
        >
          PM exc. VAT
        </div>
      </div>
      <div
        style={
          Object {
            "height": "5.5rem",
          }
        }
      >
        <button
          className="button -fullwidth -teal -regular -solid"
          onClick={[Function]}
        >
          <div
            className="button--inner"
          >
            Order Now
          </div>
        </button>
      </div>
      <div />
      <div
        style={
          Object {
            "height": "1rem",
          }
        }
      >
        <div
          className="text -regular -darker"
        >
          Need Help?
           
          <a
            className="link -primary -regular -plain"
            onClick={[Function]}
          >
            Request a Call Back
          </a>
        </div>
      </div>
    </div>
  </div>
</div>
`;

exports[`<CustomiseLease /> renders correctly 2`] = `
<div
  className="pdp--sidebar"
>
  <h2
    className="heading -black -xlarge"
  >
    Customise Your Lease
  </h2>
  <span
    className="heading -black -regular"
  >
    Lease Type
  </span>
  <div
    className="choiceboxes -cols-2 -teal"
  >
    <button
      className="choicebox"
      disabled={false}
      onClick={[Function]}
      type="button"
    >
      Personal
    </button>
    <button
      className="choicebox -active"
      disabled={false}
      onClick={[Function]}
      type="button"
    >
      Business
    </button>
  </div>
  <span
    className="heading -black -regular"
  >
    Annual Mileage:
    <span
      className="text -b -ml-100 -regular -orange"
    >
      8000 Miles
    </span>
  </span>
  <div
    className="sliding-input"
    onClick={[Function]}
    onMouseDown={[Function]}
    onMouseLeave={[Function]}
    onMouseMove={[Function]}
    onMouseUp={[Function]}
    onTouchEnd={[Function]}
    onTouchMove={[Function]}
    role="button"
    style={
      Object {
        "--length": 3,
        "--value": 1,
      }
    }
  >
    <div
      className="sliding-input-fill"
    >
      <div
        className="sliding-input-value"
      />
    </div>
    <div
      className="sliding-input-handle"
    />
    <div
      className="sliding-input-step"
    >
      6K
    </div>
    <div
      className="sliding-input-step"
    >
      8K
    </div>
    <div
      className="sliding-input-step"
    >
      10K
    </div>
  </div>
  <span
    className="heading -black -regular"
  >
    Length Of Lease:
    <span
      className="text -b -ml-100 -regular -orange"
    >
      24 Months
    </span>
  </span>
  <div
    className="choiceboxes -cols-2 -teal"
  >
    <button
      className="choicebox"
      disabled={false}
      onClick={[Function]}
      type="button"
    >
      24
    </button>
    <button
      className="choicebox -active"
      disabled={false}
      onClick={[Function]}
      type="button"
    >
      36
    </button>
  </div>
  <span
    className="heading -black -regular"
  >
    Initial Payment: 
    <span
      className="text -b -ml-100 -regular -orange"
    >
      £605.95 exc. VAT
    </span>
  </span>
  <div
    className="choiceboxes -cols-2 -teal"
  >
    <button
      className="choicebox"
      disabled={false}
      onClick={[Function]}
      type="button"
    >
      1
    </button>
    <button
      className="choicebox -active"
      disabled={false}
      onClick={[Function]}
      type="button"
    >
      3
    </button>
  </div>
  <span
    className="heading -black -regular"
  >
    Vehicle Options
  </span>
  <div
    className="select -fullwidth"
  >
    <select
      className="select--native"
      data-testid="13990"
      defaultValue="13990"
      disabled={false}
      onChange={[Function]}
    >
      <option
        disabled={true}
        value=""
      >
        Select Paint Colour
      </option>
      <option
        value="13990"
      >
        Solid - Polar white
      </option>
    </select>
    <span
      className="icon select--chevron"
    >
      <i
        className="icon -stroke -dark"
      >
        <svg
          height="1em"
          viewBox="0 0 512 512"
          width="1em"
        >
          <polyline
            points="112 184 256 328 400 184"
            style={
              Object {
                "fill": "none",
                "stroke": "var(--class-color)",
                "strokeLinecap": "round",
                "strokeLinejoin": "round",
                "strokeWidth": 48,
              }
            }
          />
        </svg>
      </i>
    </span>
  </div>
  <div
    className="select -fullwidth"
  >
    <select
      className="select--native"
      data-testid="112981"
      disabled={false}
      onChange={[Function]}
      value=""
    >
      <option
        disabled={true}
        value=""
      >
        Select Interior
      </option>
      <option
        value="104562"
      >
        Leather - Cranberry red
      </option>
    </select>
    <span
      className="icon select--chevron"
    >
      <i
        className="icon -stroke -dark"
      >
        <svg
          height="1em"
          viewBox="0 0 512 512"
          width="1em"
        >
          <polyline
            points="112 184 256 328 400 184"
            style={
              Object {
                "fill": "none",
                "stroke": "var(--class-color)",
                "strokeLinecap": "round",
                "strokeLinejoin": "round",
                "strokeWidth": 48,
              }
            }
          />
        </svg>
      </i>
    </span>
  </div>
  <span
    className="heading -black -regular"
  >
    Add Maintenance:
    <span
      className="text -b -ml-100 -regular -orange"
    >
      £61.75 Per Month exc. VAT
    </span>
  </span>
  <a
    className="link -primary -small -plain"
    onClick={[Function]}
  >
    See What's Included
  </a>
  <div
    className="formgroup"
  >
    <div
      className="formgroup--content"
    >
      <div
        className="radio"
      >
        <input
          className="radio--native"
          disabled={false}
          id="maintenanceCost"
          name="maintenance"
          onChange={[Function]}
          type="radio"
        />
        <label
          className="radio--label"
          htmlFor="maintenanceCost"
        >
          <span
            className="text -regular -darker"
          >
            YES, I want peace of mind and to keep things hassle-free
          </span>
        </label>
      </div>
      <div
        className="radio"
      >
        <input
          className="radio--native"
          disabled={false}
          id="leaseCost"
          name="maintenance"
          onChange={[Function]}
          type="radio"
        />
        <label
          className="radio--label"
          htmlFor="leaseCost"
        >
          <span
            className="text -regular -darker"
          >
            NO, I want to worry about sorting the maintenance costs myself
          </span>
        </label>
      </div>
    </div>
  </div>
  <div
    className="pdp--order-summary"
  >
    <p
      className="heading -inherit -primary -small"
    >
      ORDER SUMMARY
    </p>
    <section
      className="structured-list -compact"
    >
      <div
        className="structured-list-tbody"
      >
        <div
          className="structured-list-row "
        >
          <div
            className="structured-list-td structured-list-content--nowrap"
            data-testid="data_id-0-Processing Fee:"
          >
            Processing Fee:
          </div>
          <div
            className="structured-list-td"
            data-testid="processingFee"
          >
            FREE
          </div>
        </div>
        <div
          className="structured-list-row "
        >
          <div
            className="structured-list-td structured-list-content--nowrap"
            data-testid="data_id-1-Initial Payment:"
          >
            Initial Payment:
          </div>
          <div
            className="structured-list-td"
            data-testid="initialPayment"
          >
            £605.95 (exc. VAT)
          </div>
        </div>
        <div
          className="structured-list-row "
        >
          <div
            className="structured-list-td structured-list-content--nowrap"
            data-testid="data_id-2-Contract Length:"
          >
            Contract Length:
          </div>
          <div
            className="structured-list-td"
            data-testid="contractLengthile"
          >
            24 months
          </div>
        </div>
        <div
          className="structured-list-row "
        >
          <div
            className="structured-list-td structured-list-content--nowrap"
            data-testid="data_id-3-Annual Mileage:"
          >
            Annual Mileage:
          </div>
          <div
            className="structured-list-td"
            data-testid="annualMileage"
          >
            8000 miles
          </div>
        </div>
        <div
          className="structured-list-row "
        >
          <div
            className="structured-list-td structured-list-content--nowrap"
            data-testid="data_id-4-Maintenance:"
          >
            Maintenance:
          </div>
          <div
            className="structured-list-td"
            data-testid="maintenance"
          >
            No
          </div>
        </div>
        <div
          className="structured-list-row "
        >
          <div
            className="structured-list-td structured-list-content--nowrap"
            data-testid="data_id-5-Colour:"
          >
            Colour:
          </div>
          <div
            className="structured-list-td"
            data-testid="colour"
          >
            Solid - Polar white
          </div>
        </div>
        <div
          className="structured-list-row "
        >
          <div
            className="structured-list-td structured-list-content--nowrap"
            data-testid="data_id-6-Trim / Interior:"
          >
            Trim / Interior:
          </div>
          <div
            className="structured-list-td"
            data-testid="trim"
          >
            -
          </div>
        </div>
        <div
          className="structured-list-row "
        >
          <div
            className="structured-list-td structured-list-content--nowrap"
            data-testid="data_id-7-Stock:"
          >
            Stock:
          </div>
          <div
            className="structured-list-td"
            data-testid="stock"
          >
            Brand New - Free, Fast Delivery
          </div>
        </div>
        <div
          className="structured-list-row "
        >
          <div
            className="structured-list-td structured-list-content--nowrap"
            data-testid="data_id-8-Redundancy & Life Cover:"
          >
            Redundancy & Life Cover:
          </div>
          <div
            className="structured-list-td"
            data-testid="redundancy"
          >
            Included
          </div>
        </div>
      </div>
    </section>
  </div>
  <div
    className="lease-scanner--sticky-wrap start-screen"
    style={
      Object {
        "opacity": "1",
      }
    }
  >
    <div
      className="lease-scanner"
      style={
        Object {
          "--lease-scanner-height": "6.75rem",
        }
      }
    >
      <div
        style={
          Object {
            "height": "2rem",
          }
        }
      >
        <div
          className="price -xlarge -black"
        >
          <span
            className="price--sub"
          >
            £
          </span>
          <span
            className="price--pounds"
          >
            605
          </span>
          <span
            className="price--sub"
          >
            .
            95
          </span>
        </div>
        <div
          className="heading headingText -pt-100 -darker -small"
        >
          PM exc. VAT
        </div>
      </div>
      <div
        style={
          Object {
            "height": "5.5rem",
          }
        }
      >
        <button
          className="button -fullwidth -teal -regular -solid"
          onClick={[Function]}
        >
          <div
            className="button--inner"
          >
            Order Now
          </div>
        </button>
      </div>
      <div />
      <div
        style={
          Object {
            "height": "1rem",
          }
        }
      >
        <div
          className="text -regular -darker"
        >
          Need Help?
           
          <a
            className="link -primary -regular -plain"
            onClick={[Function]}
          >
            Request a Call Back
          </a>
        </div>
      </div>
    </div>
  </div>
</div>
`;
