// Jest Snapshot v1, https://goo.gl/fbAQLP

exports[`<CustomerAlsoViewedContainer /> renders correctly with empty data 1`] = `null`;

exports[`<CustomerAlsoViewedContainer /> renders correctly with error 1`] = `null`;

exports[`<CustomerAlsoViewedContainer /> renders correctly with loading 1`] = `null`;
