// Jest Snapshot v1, https://goo.gl/fbAQLP

exports[`<ModelCard /> should be render correctly 1`] = `
<body>
  <div>
    <div
      class="card -model -inline"
      data-testid="card"
    >
      <img
        class="card-image"
        data-testid="card-image"
        loading="lazy"
        sizes="(min-width:3200px) 800px, 1200px"
        src="https://vanarama-nonprod.com/cdn-cgi/image/fit=scale-down,height=1920,width=1920,quality=75,sharpness=0,metadata=none/https:"
        srcset="https://vanarama-nonprod.com/cdn-cgi/image/fit=scale-down,height=320,width=320,quality=60,sharpness=0,metadata=none/https: 320w, https://vanarama-nonprod.com/cdn-cgi/image/fit=scale-down,height=800,width=800,quality=70,sharpness=0,metadata=none/https: 800w, https://vanarama-nonprod.com/cdn-cgi/image/fit=scale-down,height=1200,width=1200,quality=75,sharpness=0,metadata=none/https: 1200w"
      />
      <div
        class="title"
      >
        <a
          class="heading link -black -large"
          data-testid="link"
          href="/bmw-car-leasing/3-series/coupe.html"
        >
          BMW 3 series coupe
        </a>
      </div>
      <div
        class="-flex-h"
      >
        <div
          class="price -large -black"
        >
          <div
            class="price--label"
          >
            from
          </div>
          <span
            class="price--sub"
          >
            £
          </span>
          <span
            class="price--pounds"
          >
            120
          </span>
          <span
            class="price--sub"
          >
            .
            00
          </span>
          <div
            class="price--label"
          >
            Per Month Inc.VAT
          </div>
        </div>
        <a
          class="button -teal -regular -solid"
          data-testid="link"
          href="/bmw-car-leasing/3-series/coupe.html"
        >
          <div
            class="button--inner"
          >
            View 
            2
             Offers
          </div>
        </a>
      </div>
    </div>
  </div>
</body>
`;
