// Jest Snapshot v1, https://goo.gl/fbAQLP

exports[`<HeaderMenuLink /> renders correctly 1`] = `
<li
  className="menu-li"
>
  <a
    className="link"
    data-menu={null}
    data-testid="router-link"
    data-uitestid="header-Vans-link"
    href="/hub/vans"
    onClick={[Function]}
    onFocus={[Function]}
    onMouseEnter={[Function]}
    onMouseOver={[Function]}
  >
    <span>
      Vans
    </span>
  </a>
  <div
    className="menu-secondary--wrapper-outer"
    data-testid="menu-secondary--wrapper-outer"
  >
    <div
      className="menu-secondary--wrapper-inner"
    >
      <ul
        className="menu-secondary"
        data-uitestid="header_secondary-menu_Vans_menu-secondary"
      >
        <li
          className="menu-li menu-title"
        >
          <button
            className="link -black -regular -clear"
            data-testid="menu-title"
            onClick={[Function]}
          >
            <div
              className="button--inner"
            >
              Vans
            </div>
          </button>
        </li>
        <li
          className="menu-li -highlight"
          data-testid="VANS Special Offers"
        >
          <button
            className="link -white -black -initial-size -clear"
            data-uitestid="header_secondary-menu_Vans_button_VANS Special Offers"
          >
            <div
              className="button--inner"
            >
              VANS Special Offers
            </div>
          </button>
        </li>
        <li
          className="menu-li -open -with-children"
          data-testid="Vans By Manufacturer"
        >
          <button
            className="link -inherit -black -initial-size -clear"
            data-uitestid="header_secondary-menu_Vans_button_Vans By Manufacturer"
            onFocus={[Function]}
            onMouseOver={[Function]}
          >
            <div
              className="button--inner"
            >
              Vans By Manufacturer
            </div>
          </button>
        </li>
        <li
          className="menu-li -with-children"
          data-testid="Vans By Size"
        >
          <button
            className="link -inherit -black -initial-size -clear"
            data-uitestid="header_secondary-menu_Vans_button_Vans By Size"
            onFocus={[Function]}
            onMouseOver={[Function]}
          >
            <div
              className="button--inner"
            >
              Vans By Size
            </div>
          </button>
        </li>
        <li
          className="menu-li -with-children"
          data-testid="Vans By Type"
        >
          <button
            className="link -inherit -black -initial-size -clear"
            data-uitestid="header_secondary-menu_Vans_button_Vans By Type"
            onFocus={[Function]}
            onMouseOver={[Function]}
          >
            <div
              className="button--inner"
            >
              Vans By Type
            </div>
          </button>
        </li>
        <li
          className="menu-li"
          data-testid="Van Leasing Explained"
        >
          <a
            className="link -inherit"
            data-menu={null}
            data-testid="router-link"
            href="/van-leasing/finance-options"
            onClick={[Function]}
            onFocus={[Function]}
            onMouseEnter={[Function]}
            onMouseOver={[Function]}
          >
            <span>
              Van Leasing Explained
            </span>
          </a>
        </li>
      </ul>
      <ul
        className="menu-tertiary -open"
        data-uitestid="header_secondary-menu_Vans_menu-tertiary_Vans By Manufacturer"
      >
        <li
          className="menu-li menu-title"
        >
          <button
            className="link -black -regular -clear"
            data-testid="menu-tertiary-b21cfa5d-e57f-4d7e-867f-4a1870cfb879"
            onClick={[Function]}
          >
            <div
              className="button--inner"
            >
              Vans By Manufacturer
            </div>
          </button>
        </li>
        <li
          className="menu-li -span-half"
        >
          <a
            className="link"
            data-menu={null}
            data-testid="router-link"
            href="/van-leasing/Citroen"
            onClick={[Function]}
            onFocus={[Function]}
            onMouseEnter={[Function]}
            onMouseOver={[Function]}
          >
            <span>
              Citroen
            </span>
          </a>
        </li>
        <li
          className="menu-li -span-half"
        >
          <a
            className="link"
            data-menu={null}
            data-testid="router-link"
            href="/van-leasing/Ford"
            onClick={[Function]}
            onFocus={[Function]}
            onMouseEnter={[Function]}
            onMouseOver={[Function]}
          >
            <span>
              Ford
            </span>
          </a>
        </li>
        <li
          className="menu-li -span-half"
        >
          <a
            className="link"
            data-menu={null}
            data-testid="router-link"
            href="/van-leasing/Benz"
            onClick={[Function]}
            onFocus={[Function]}
            onMouseEnter={[Function]}
            onMouseOver={[Function]}
          >
            <span>
              Benz
            </span>
          </a>
        </li>
        <li
          className="menu-li -span-half"
        >
          <a
            className="link"
            data-menu={null}
            data-testid="router-link"
            href="/van-leasing/Nissan"
            onClick={[Function]}
            onFocus={[Function]}
            onMouseEnter={[Function]}
            onMouseOver={[Function]}
          >
            <span>
              Nissan
            </span>
          </a>
        </li>
        <li
          className="menu-li -span-half"
        >
          <a
            className="link"
            data-menu={null}
            data-testid="router-link"
            href="/van-leasing/Renault"
            onClick={[Function]}
            onFocus={[Function]}
            onMouseEnter={[Function]}
            onMouseOver={[Function]}
          >
            <span>
              Renault
            </span>
          </a>
        </li>
        <li
          className="menu-li -span-half"
        >
          <a
            className="link"
            data-menu={null}
            data-testid="router-link"
            href="/van-leasing/Vauxhall"
            onClick={[Function]}
            onFocus={[Function]}
            onMouseEnter={[Function]}
            onMouseOver={[Function]}
          >
            <span>
              Vauxhall
            </span>
          </a>
        </li>
        <li
          className="menu-li -span-half"
        >
          <a
            className="link"
            data-menu={null}
            data-testid="router-link"
            href="/van-leasing/Fiat"
            onClick={[Function]}
            onFocus={[Function]}
            onMouseEnter={[Function]}
            onMouseOver={[Function]}
          >
            <span>
              Fiat
            </span>
          </a>
        </li>
        <li
          className="menu-li -span-half"
        >
          <a
            className="link"
            data-menu={null}
            data-testid="router-link"
            href="/van-leasing/Isuzu"
            onClick={[Function]}
            onFocus={[Function]}
            onMouseEnter={[Function]}
            onMouseOver={[Function]}
          >
            <span>
              Isuzu
            </span>
          </a>
        </li>
        <li
          className="menu-li -span-half"
        >
          <a
            className="link"
            data-menu={null}
            data-testid="router-link"
            href="/van-leasing/Mitsubishi"
            onClick={[Function]}
            onFocus={[Function]}
            onMouseEnter={[Function]}
            onMouseOver={[Function]}
          >
            <span>
              Mitsubishi
            </span>
          </a>
        </li>
        <li
          className="menu-li -span-half"
        >
          <a
            className="link"
            data-menu={null}
            data-testid="router-link"
            href="/van-leasing/Peugeot"
            onClick={[Function]}
            onFocus={[Function]}
            onMouseEnter={[Function]}
            onMouseOver={[Function]}
          >
            <span>
              Peugeot
            </span>
          </a>
        </li>
        <li
          className="menu-li -span-half"
        >
          <a
            className="link"
            data-menu={null}
            data-testid="router-link"
            href="/van-leasing/Toyota"
            onClick={[Function]}
            onFocus={[Function]}
            onMouseEnter={[Function]}
            onMouseOver={[Function]}
          >
            <span>
              Toyota
            </span>
          </a>
        </li>
        <li
          className="menu-li -span-half"
        >
          <a
            className="link"
            data-menu={null}
            data-testid="router-link"
            href="/van-leasing/Volkswagen"
            onClick={[Function]}
            onFocus={[Function]}
            onMouseEnter={[Function]}
            onMouseOver={[Function]}
          >
            <span>
              Volkswagen
            </span>
          </a>
        </li>
      </ul>
      <ul
        className="menu-tertiary"
        data-uitestid="header_secondary-menu_Vans_menu-tertiary_Vans By Size"
      >
        <li
          className="menu-li menu-title"
        >
          <button
            className="link -black -regular -clear"
            data-testid="menu-tertiary-43df3e0b-f248-457d-bf3c-ec1fe4def7e3"
            onClick={[Function]}
          >
            <div
              className="button--inner"
            >
              Vans By Size
            </div>
          </button>
        </li>
        <li
          className="menu-li"
        >
          <a
            className="link"
            data-menu={null}
            data-testid="router-link"
            href="/van-leasing?bodyStyles=Small%20Van"
            onClick={[Function]}
            onFocus={[Function]}
            onMouseEnter={[Function]}
            onMouseOver={[Function]}
          >
            <span>
              Small
            </span>
          </a>
        </li>
        <li
          className="menu-li"
        >
          <a
            className="link"
            data-menu={null}
            data-testid="router-link"
            href="/van-leasing?bodyStyles=Medium%20Van"
            onClick={[Function]}
            onFocus={[Function]}
            onMouseEnter={[Function]}
            onMouseOver={[Function]}
          >
            <span>
              Medium
            </span>
          </a>
        </li>
        <li
          className="menu-li"
        >
          <a
            className="link"
            data-menu={null}
            data-testid="router-link"
            href="/van-leasing?bodyStyles=Large%20Van"
            onClick={[Function]}
            onFocus={[Function]}
            onMouseEnter={[Function]}
            onMouseOver={[Function]}
          >
            <span>
              Large
            </span>
          </a>
        </li>
      </ul>
      <ul
        className="menu-tertiary"
        data-uitestid="header_secondary-menu_Vans_menu-tertiary_Vans By Type"
      >
        <li
          className="menu-li menu-title"
        >
          <button
            className="link -black -regular -clear"
            data-testid="menu-tertiary-44c0f32b-f034-4b84-ac49-0c2b76140c96"
            onClick={[Function]}
          >
            <div
              className="button--inner"
            >
              Vans By Type
            </div>
          </button>
        </li>
        <li
          className="menu-li"
        >
          <a
            className="link"
            data-menu={null}
            data-testid="router-link"
            href="/van-leasing?bodyStyles=Refrigerated%20Van"
            onClick={[Function]}
            onFocus={[Function]}
            onMouseEnter={[Function]}
            onMouseOver={[Function]}
          >
            <span>
              Refrigerated
            </span>
          </a>
        </li>
        <li
          className="menu-li"
        >
          <a
            className="link"
            data-menu={null}
            data-testid="router-link"
            href="/van-leasing?bodyStyles=Dropside%20Tipper,Luton%20Box%20Van"
            onClick={[Function]}
            onFocus={[Function]}
            onMouseEnter={[Function]}
            onMouseOver={[Function]}
          >
            <span>
              Tippers/Lutons
            </span>
          </a>
        </li>
        <li
          className="menu-li"
        >
          <a
            className="link"
            data-menu={null}
            data-testid="router-link"
            href="/van-leasing?bodyStyles=Minibus"
            onClick={[Function]}
            onFocus={[Function]}
            onMouseEnter={[Function]}
            onMouseOver={[Function]}
          >
            <span>
              Crew/Minibus
            </span>
          </a>
        </li>
        <li
          className="menu-li"
        >
          <a
            className="link"
            data-menu={null}
            data-testid="router-link"
            href="/van-leasing?bodyStyles=Specialist"
            onClick={[Function]}
            onFocus={[Function]}
            onMouseEnter={[Function]}
            onMouseOver={[Function]}
          >
            <span>
              Specialist
            </span>
          </a>
        </li>
      </ul>
    </div>
  </div>
</li>
`;

exports[`<HeaderMenuLink /> renders correctly without children 1`] = `
<li
  className="menu-li -highlight"
>
  <a
    className="link"
    data-menu={null}
    data-testid="router-link"
    data-uitestid="header-Offers-link"
    href="/van-leasing"
    onClick={[Function]}
    onFocus={[Function]}
    onMouseEnter={[Function]}
    onMouseOver={[Function]}
  >
    <i
      className="icon -orange -xsmall"
    >
      <svg
        height="1em"
        viewBox="0 0 512 512"
        width="1em"
      >
        <path
          d="M394.24,197.56a300.67,300.67,0,0,0-53.38-90C301.2,61.65,240,32,192,32c19,70-14.36,117.12-44.79,163.77C122,234.36,96,274.27,96,320c0,88.22,71.78,160,160,160s160-71.78,160-160C416,276.7,408.68,235.51,394.24,197.56ZM288.33,418.69C278,429.69,265.05,432,256,432s-22-2.31-32.33-13.31S208,390.24,208,368c0-25.14,8.82-44.28,17.34-62.78,6.48-14.07,14.66-27.22,15.11-44.49,11.3,5.88,23.67,16.91,34.54,31.28,18.17,24,29,52.42,29,76C304,390.24,298.58,407.77,288.33,418.69Z"
        />
      </svg>
    </i>
    <span>
      Offers
    </span>
  </a>
</li>
`;
