// Jest Snapshot v1, https://goo.gl/fbAQLP

exports[`<LoginPage /> rendering renders correctly 1`] = `
<div
  className="container"
>
  <h1
    className="title h1"
  >
    Login or Register
  </h1>
  <section>
    <button
      id="login"
    >
      Login
    </button>
    <button
      id="register"
    >
      Register
    </button>
    <div
      id="loginTab"
    >
      <Connect(LoginForm) />
    </div>
    <br />
    <div
      id="registerTab"
    >
      <RegisterForm />
    </div>
  </section>
</div>
`;
