// Jest Snapshot v1, https://goo.gl/fbAQLP

exports[`<LeasingQuestionContainer /> should match snapshot 1`] = `
<body>
  <div>
    <div
      class="row:title"
    >
      <h1
        class="heading -black -xlarge"
      >
        Insurance, Tax & Vat Leasing Questions
      </h1>
    </div>
    <div
      class="row:bg-lighter"
    >
      <div
        class="row:carousel"
      >
        <p
          class="heading -black -large"
        >
          Most Popular Questions
        </p>
        <div
          class="carousel -col3"
        >
          <div
            class="slider"
            style="box-sizing: border-box; display: block; height: inherit; position: relative; width: 100%;"
            tabindex="0"
          >
            <div
              aria-atomic="true"
              aria-live="polite"
              style="position: absolute; left: -10000px; width: 1px; height: 1px; overflow: hidden;"
              tabindex="-1"
            >
              Slide 1 of 3
            </div>
            <div
              class="slider-frame"
              style="box-sizing: border-box; display: block; height: 100%; margin: 0px; overflow: hidden; padding: 0px; position: relative; transform: translate3d(0, 0, 0);"
            >
              <ul
                class="slider-list"
                style="box-sizing: border-box; cursor: pointer; display: block; height: 0px; margin: 0px -10px; padding: 0px; position: relative; transform: translate3d(0px, 0px, 0); width: auto;"
              >
                <li
                  class="slider-slide slide-visible slide-current"
                  style="box-sizing: border-box; display: inline-block; height: auto; left: 0px; list-style-type: none; margin: auto 10px auto 10px; position: absolute; top: 0px; transform: scale(1); transition: transform .4s linear; vertical-align: top; width: -13.33333333333333px;"
                  tabindex="-1"
                >
                  <div
                    class="card"
                    data-testid="card"
                  >
                    <div
                      class="title"
                    >
                      <span
                        class="heading -black -lead"
                        data-testid="card-heading"
                      >
                        Is Road Tax Covered In The Lease?
                      </span>
                    </div>
                    <span
                      class="text -regular -dark"
                    >
                      <span>
                        It depends on which lease product you choose. If you choose a contract hire or contract purchase the road tax is include...
                      </span>
                    </span>
                    <button
                      class="button -teal -regular -clear"
                    >
                      <div
                        class="button--inner"
                      >
                        Read More
                      </div>
                    </button>
                  </div>
                </li>
                <li
                  aria-hidden="true"
                  class="slider-slide slide-visible"
                  inert=""
                  style="box-sizing: border-box; display: inline-block; height: auto; left: 6.66666666666667px; list-style-type: none; margin: auto 10px auto 10px; position: absolute; top: 0px; transform: scale(1); transition: transform .4s linear; vertical-align: top; width: -13.33333333333333px;"
                >
                  <div
                    class="card"
                    data-testid="card"
                  >
                    <div
                      class="title"
                    >
                      <span
                        class="heading -black -lead"
                        data-testid="card-heading"
                      >
                        Is Road Tax Covered In The Lease?2
                      </span>
                    </div>
                    <span
                      class="text -regular -dark"
                    >
                      <span>
                        It depends on which lease product you choose. If you choose a contract hire or contract purchase the road tax is include...
                      </span>
                    </span>
                    <button
                      class="button -teal -regular -clear"
                      tabindex="-1"
                    >
                      <div
                        class="button--inner"
                      >
                        Read More
                      </div>
                    </button>
                  </div>
                </li>
                <li
                  aria-hidden="true"
                  class="slider-slide slide-visible"
                  inert=""
                  style="box-sizing: border-box; display: inline-block; height: auto; left: 13.33333333333334px; list-style-type: none; margin: auto 10px auto 10px; position: absolute; top: 0px; transform: scale(1); transition: transform .4s linear; vertical-align: top; width: -13.33333333333333px;"
                >
                  <div
                    class="card"
                    data-testid="card"
                  >
                    <div
                      class="title"
                    >
                      <span
                        class="heading -black -lead"
                        data-testid="card-heading"
                      >
                        Is Road Tax Covered In The Lease?3
                      </span>
                    </div>
                    <span
                      class="text -regular -dark"
                    >
                      <span>
                        It depends on which lease product you choose. If you choose a contract hire or contract purchase the road tax is include...
                      </span>
                    </span>
                    <button
                      class="button -teal -regular -clear"
                      tabindex="-1"
                    >
                      <div
                        class="button--inner"
                      >
                        Read More
                      </div>
                    </button>
                  </div>
                </li>
              </ul>
            </div>
            <style
              type="text/css"
            >
              .slider-slide &gt; img { width: 100%; display: block; }
          .slider-slide &gt; img:focus { margin: auto; }
            </style>
          </div>
          <nav
            class="carousel--nav"
          >
            <button
              class="carousel--nav-arrow"
              type="button"
            >
              <i
                class="icon -darker -regular"
              >
                <svg
                  height="1em"
                  viewBox="0 0 512 512"
                  width="1em"
                >
                  <title>
                    ionicons-v5-a
                  </title>
                  <polyline
                    points="244 400 100 256 244 112"
                    style="fill: none; stroke: var(--class-color); stroke-linecap: square; stroke-miterlimit: 10; stroke-width: 48;"
                  />
                  <line
                    style="fill: none; stroke: var(--class-color); stroke-linecap: square; stroke-miterlimit: 10; stroke-width: 48;"
                    x1="120"
                    x2="412"
                    y1="256"
                    y2="256"
                  />
                </svg>
              </i>
            </button>
            <button
              class="carousel--nav-item -active"
              type="button"
            >
              <i
                class="icon -regular"
              >
                <svg
                  height="1em"
                  viewBox="0 0 512 512"
                  width="1em"
                >
                  <title>
                    ionicons-v5-q
                  </title>
                  <path
                    d="M256,464C141.31,464,48,370.69,48,256S141.31,48,256,48s208,93.31,208,208S370.69,464,256,464Z"
                  />
                </svg>
              </i>
            </button>
            <button
              class="carousel--nav-item"
              type="button"
            >
              <i
                class="icon -regular"
              >
                <svg
                  height="1em"
                  viewBox="0 0 512 512"
                  width="1em"
                >
                  <title>
                    ionicons-v5-q
                  </title>
                  <path
                    d="M256,464C141.31,464,48,370.69,48,256S141.31,48,256,48s208,93.31,208,208S370.69,464,256,464Z"
                  />
                </svg>
              </i>
            </button>
            <button
              class="carousel--nav-item"
              type="button"
            >
              <i
                class="icon -regular"
              >
                <svg
                  height="1em"
                  viewBox="0 0 512 512"
                  width="1em"
                >
                  <title>
                    ionicons-v5-q
                  </title>
                  <path
                    d="M256,464C141.31,464,48,370.69,48,256S141.31,48,256,48s208,93.31,208,208S370.69,464,256,464Z"
                  />
                </svg>
              </i>
            </button>
            <button
              class="carousel--nav-arrow"
              type="button"
            >
              <i
                class="icon -darker -regular"
              >
                <svg
                  height="1em"
                  viewBox="0 0 512 512"
                  width="1em"
                >
                  <title>
                    ionicons-v5-a
                  </title>
                  <polyline
                    points="268 112 412 256 268 400"
                    style="fill: none; stroke: var(--class-color); stroke-linecap: square; stroke-miterlimit: 10; stroke-width: 48;"
                  />
                  <line
                    style="fill: none; stroke: var(--class-color); stroke-linecap: square; stroke-miterlimit: 10; stroke-width: 48;"
                    x1="392"
                    x2="100"
                    y1="256"
                    y2="256"
                  />
                </svg>
              </i>
            </button>
          </nav>
        </div>
      </div>
    </div>
    <div
      class="row:bg-lighter"
    >
      <div
        class="row:lead-text"
      >
        <h2
          class="heading -black -large"
        />
        <ul
          class="tilebox accordion"
        >
          <li
            class="accordion-item"
            data-testid="accordion-item"
          >
            <button
              class="accordion--heading"
              type="button"
            >
              <i
                class="icon accordion-item--chevron"
              >
                <svg
                  height="1em"
                  viewBox="0 0 512 512"
                  width="1em"
                >
                  <title>
                    ionicons-v5-a
                  </title>
                  <polyline
                    points="184 112 328 256 184 400"
                    style="fill: none; stroke: var(--class-color); stroke-linecap: square; stroke-miterlimit: 10; stroke-width: 48;"
                  />
                </svg>
              </i>
              <div
                class="accordion--title"
              >
                <span
                  class="text -regular -black"
                >
                  I would like a large van, but still unsure what is the best purchase option? Also what is the best tax relief option through my limited company? I'm not VAT registered, so can I claim back my contract payments?
                </span>
              </div>
            </button>
            <div
              class="accordion--content"
            >
              <p>
                Our expert Mike answered... Hello Adrian, thank you very much for leaving your question on our website. There are various leasing options available depending on what you would like to achieve at the end of the contract. If you are not VAT registered then you will not be able to claim the VAT back on the rentals, however depending on which contract you decided to go for, the rentals may well be 100% tax deductible. If you would like to discuss any of these options in greater detail, the best thing to do is contact one of our specialists on 01442 838193 or alternatively please let us know the best contact number for you and when would be a convenient time to contact you. Many thanks once again for leaving your question. Kind regards, Mike Daly.
              </p>
            </div>
          </li>
          <li
            class="accordion-item"
            data-testid="accordion-item"
          >
            <button
              class="accordion--heading"
              type="button"
            >
              <i
                class="icon accordion-item--chevron"
              >
                <svg
                  height="1em"
                  viewBox="0 0 512 512"
                  width="1em"
                >
                  <title>
                    ionicons-v5-a
                  </title>
                  <polyline
                    points="184 112 328 256 184 400"
                    style="fill: none; stroke: var(--class-color); stroke-linecap: square; stroke-miterlimit: 10; stroke-width: 48;"
                  />
                </svg>
              </i>
              <div
                class="accordion--title"
              >
                <span
                  class="text -regular -black"
                >
                  I would like a large van, but still unsure what is the best purchase option? Also what is the best tax relief option through my limited company? I'm not VAT registered, so can I claim back my contract payments?
                </span>
              </div>
            </button>
            <div
              class="accordion--content"
            >
              <p>
                Our expert Mike answered... Hello Adrian, thank you very much for leaving your question on our website. There are various leasing options available depending on what you would like to achieve at the end of the contract. If you are not VAT registered then you will not be able to claim the VAT back on the rentals, however depending on which contract you decided to go for, the rentals may well be 100% tax deductible. If you would like to discuss any of these options in greater detail, the best thing to do is contact one of our specialists on 01442 838193 or alternatively please let us know the best contact number for you and when would be a convenient time to contact you. Many thanks once again for leaving your question. Kind regards, Mike Daly.
              </p>
            </div>
          </li>
          <li
            class="accordion-item"
            data-testid="accordion-item"
          >
            <button
              class="accordion--heading"
              type="button"
            >
              <i
                class="icon accordion-item--chevron"
              >
                <svg
                  height="1em"
                  viewBox="0 0 512 512"
                  width="1em"
                >
                  <title>
                    ionicons-v5-a
                  </title>
                  <polyline
                    points="184 112 328 256 184 400"
                    style="fill: none; stroke: var(--class-color); stroke-linecap: square; stroke-miterlimit: 10; stroke-width: 48;"
                  />
                </svg>
              </i>
              <div
                class="accordion--title"
              >
                <span
                  class="text -regular -black"
                >
                  I would like a large van, but still unsure what is the best purchase option? Also what is the best tax relief option through my limited company? I'm not VAT registered, so can I claim back my contract payments?
                </span>
              </div>
            </button>
            <div
              class="accordion--content"
            >
              <p>
                Our expert Mike answered... Hello Adrian, thank you very much for leaving your question on our website. There are various leasing options available depending on what you would like to achieve at the end of the contract. If you are not VAT registered then you will not be able to claim the VAT back on the rentals, however depending on which contract you decided to go for, the rentals may well be 100% tax deductible. If you would like to discuss any of these options in greater detail, the best thing to do is contact one of our specialists on 01442 838193 or alternatively please let us know the best contact number for you and when would be a convenient time to contact you. Many thanks once again for leaving your question. Kind regards, Mike Daly.
              </p>
            </div>
          </li>
          <li
            class="accordion-item"
            data-testid="accordion-item"
          >
            <button
              class="accordion--heading"
              type="button"
            >
              <i
                class="icon accordion-item--chevron"
              >
                <svg
                  height="1em"
                  viewBox="0 0 512 512"
                  width="1em"
                >
                  <title>
                    ionicons-v5-a
                  </title>
                  <polyline
                    points="184 112 328 256 184 400"
                    style="fill: none; stroke: var(--class-color); stroke-linecap: square; stroke-miterlimit: 10; stroke-width: 48;"
                  />
                </svg>
              </i>
              <div
                class="accordion--title"
              >
                <span
                  class="text -regular -black"
                >
                  I would like a large van, but still unsure what is the best purchase option? Also what is the best tax relief option through my limited company? I'm not VAT registered, so can I claim back my contract payments?
                </span>
              </div>
            </button>
            <div
              class="accordion--content"
            >
              <p>
                Our expert Mike answered... Hello Adrian, thank you very much for leaving your question on our website. There are various leasing options available depending on what you would like to achieve at the end of the contract. If you are not VAT registered then you will not be able to claim the VAT back on the rentals, however depending on which contract you decided to go for, the rentals may well be 100% tax deductible. If you would like to discuss any of these options in greater detail, the best thing to do is contact one of our specialists on 01442 838193 or alternatively please let us know the best contact number for you and when would be a convenient time to contact you. Many thanks once again for leaving your question. Kind regards, Mike Daly.
              </p>
            </div>
          </li>
        </ul>
      </div>
    </div>
  </div>
</body>
`;
