// Jest Snapshot v1, https://goo.gl/fbAQLP

exports[`<TextInput /> should render correctly in the default state 1`] = `
<div>
  <div
    class="textinput regular"
  >
    <input
      class="textinput--native regular"
      type="text"
    />
  </div>
</div>
`;

exports[`<TextInput /> should render correctly with optional props 1`] = `
<div>
  <div
    class="textinput regular custom-class-name"
    style="width: 50ch;"
  >
    <input
      class="custom-class-name textinput--native regular -calculated -prefix"
      data-testid="data-testid"
      id="input-id"
      name="input-name"
      placeholder="Placeholder"
      readonly=""
      type="text"
    />
    <span
      class="text textinput--prefix -regular -dark"
    >
      £
    </span>
  </div>
</div>
`;
