// Jest Snapshot v1, https://goo.gl/fbAQLP

exports[`<CustomerThing /> renders correctly 1`] = `
<div
  className="row:lead-text"
>
  <p
    className="heading -black -large"
  >
    What Do Our Customers Think?
  </p>
  <p
    className="text -regular -darker"
  >
    More than 1,000 people use our Eligibility Checker every week to find out their likelihood of getting accepted to lease a new car lease.
  </p>
  <a
    className="button -teal -regular -solid"
    data-testid="eligibility-Checker-btn"
    href="/credit-checker.html"
    onClick={[Function]}
  >
    <div
      className="button--inner"
    >
      Check Your Eligibility
    </div>
  </a>
</div>
`;
