// Jest Snapshot v1, https://goo.gl/fbAQLP

exports[`<Lease /> renders correctly 1`] = `
<section
  className="section"
>
  <div
    className="container"
  >
    <div>
      <div>
        <div
          className="media media-wrapper"
        >
          <div
            className="react-player"
            src="https://player.vimeo.com/video/263419265"
            style={
              Object {
                "height": "100%",
                "width": "100%",
              }
            }
          >
            <div
              style={
                Object {
                  "display": undefined,
                  "height": "100%",
                  "overflow": "hidden",
                  "width": "100%",
                }
              }
            />
          </div>
        </div>
      </div>
      <div
        className="-inset -middle -col-400"
      >
        <div>
          <div
            style={
              Object {
                "marginBottom": "1rem",
              }
            }
          >
            <p
              className="heading -black -large"
            >
              Check If You’re Eligible To Lease
            </p>
          </div>
          <p
            className="heading -black -regular"
          >
            Can I Lease A Brand New Car?
          </p>
          <p
            className="text -regular -darker"
          >
            Check your likelihood of being accepted for credit, without affecting your credit score.
          </p>
        </div>
        <button
          className="button -teal -regular -solid"
          data-testid="eligibility-Checker-btn"
          onClick={[Function]}
        >
          <div
            className="button--inner"
          >
            Check Your Eligibility
          </div>
        </button>
      </div>
    </div>
  </div>
</section>
`;
