// Jest Snapshot v1, https://goo.gl/fbAQLP

exports[`<WhyEligibilityChecker /> renders correctly 1`] = `
<div
  className="row:featured-right"
>
  <div>
    <p
      className="heading -black -large"
    >
      Why Use Our Car Lease Eligibility Checker?
    </p>
    <p
      className="text -regular -darker"
    >
      If you're looking to drive a brand new car, van or truck without any of the hassle - leasing might just be for you! It's affordable, simple and you're not left with a depreciating asset at the end of your contract.
    </p>
    <ul
      className="icon-list"
    >
      <li>
        <i
          className="icon -orange"
        >
          <svg
            height="1em"
            viewBox="0 0 512 512"
            width="1em"
          >
            <title>
              ionicons-v5-e
            </title>
            <path
              d="M256,48C141.31,48,48,141.31,48,256s93.31,208,208,208,208-93.31,208-208S370.69,48,256,48ZM218,360.38,137.4,270.81l23.79-21.41,56,62.22L350,153.46,374.54,174Z"
            />
          </svg>
        </i>
        text
      </li>
    </ul>
  </div>
  <div
    className="image -expand"
  >
    <span
      style={
        Object {
          "background": "none",
          "border": 0,
          "boxSizing": "border-box",
          "display": "block",
          "height": "initial",
          "margin": 0,
          "opacity": 1,
          "overflow": "hidden",
          "padding": 0,
          "position": "relative",
          "width": "initial",
        }
      }
    >
      <span
        style={
          Object {
            "background": "none",
            "border": 0,
            "boxSizing": "border-box",
            "display": "block",
            "height": "initial",
            "margin": 0,
            "opacity": 1,
            "padding": 0,
            "paddingTop": "100%",
            "width": "initial",
          }
        }
      />
      <img
        alt="title"
        className="image--native"
        data-nimg="responsive"
        decoding="async"
        onError={[Function]}
        src="data:image/gif;base64,R0lGODlhAQABAIAAAAAAAP///yH5BAEAAAAALAAAAAABAAEAAAIBRAA7"
        style={
          Object {
            "border": "none",
            "bottom": 0,
            "boxSizing": "border-box",
            "display": "block",
            "height": 0,
            "left": 0,
            "margin": "auto",
            "maxHeight": "100%",
            "maxWidth": "100%",
            "minHeight": "100%",
            "minWidth": "100%",
            "objectFit": undefined,
            "objectPosition": undefined,
            "padding": 0,
            "position": "absolute",
            "right": 0,
            "top": 0,
            "width": 0,
          }
        }
      />
      <noscript>
        <img
          alt="title"
          className="image--native"
          data-nimg="responsive"
          decoding="async"
          loading="lazy"
          onError={[Function]}
          sizes="100vw"
          src="/_next/image?url=https%3A%2F%2Fsource.unsplash.com%2Fcollection%2F2102317%2F1000x650%3Fsig%3D40344&w=3840&q=60"
          srcSet="/_next/image?url=https%3A%2F%2Fsource.unsplash.com%2Fcollection%2F2102317%2F1000x650%3Fsig%3D40344&w=640&q=60 640w, /_next/image?url=https%3A%2F%2Fsource.unsplash.com%2Fcollection%2F2102317%2F1000x650%3Fsig%3D40344&w=750&q=60 750w, /_next/image?url=https%3A%2F%2Fsource.unsplash.com%2Fcollection%2F2102317%2F1000x650%3Fsig%3D40344&w=828&q=60 828w, /_next/image?url=https%3A%2F%2Fsource.unsplash.com%2Fcollection%2F2102317%2F1000x650%3Fsig%3D40344&w=1080&q=60 1080w, /_next/image?url=https%3A%2F%2Fsource.unsplash.com%2Fcollection%2F2102317%2F1000x650%3Fsig%3D40344&w=1200&q=60 1200w, /_next/image?url=https%3A%2F%2Fsource.unsplash.com%2Fcollection%2F2102317%2F1000x650%3Fsig%3D40344&w=1920&q=60 1920w, /_next/image?url=https%3A%2F%2Fsource.unsplash.com%2Fcollection%2F2102317%2F1000x650%3Fsig%3D40344&w=2048&q=60 2048w, /_next/image?url=https%3A%2F%2Fsource.unsplash.com%2Fcollection%2F2102317%2F1000x650%3Fsig%3D40344&w=3840&q=60 3840w"
          style={
            Object {
              "border": "none",
              "bottom": 0,
              "boxSizing": "border-box",
              "display": "block",
              "height": 0,
              "left": 0,
              "margin": "auto",
              "maxHeight": "100%",
              "maxWidth": "100%",
              "minHeight": "100%",
              "minWidth": "100%",
              "objectFit": undefined,
              "objectPosition": undefined,
              "padding": 0,
              "position": "absolute",
              "right": 0,
              "top": 0,
              "width": 0,
            }
          }
        />
      </noscript>
    </span>
  </div>
</div>
`;
