// Jest Snapshot v1, https://goo.gl/fbAQLP

exports[`<Footer /> renders correctly with body 1`] = `
<footer
  className="footer"
>
  <span
    className=""
    style={
      Object {
        "display": "inline-block",
      }
    }
  />
  <span
    className=""
    style={
      Object {
        "display": "inline-block",
      }
    }
  />
  <span
    className=""
    style={
      Object {
        "display": "inline-block",
      }
    }
  />
  <span
    className=""
    style={
      Object {
        "display": "inline-block",
      }
    }
  />
  <hr
    className="footer--divider -fullwidth"
  />
  <span
    className=""
    style={
      Object {
        "display": "inline-block",
      }
    }
  />
  <div
    className="-text-columns"
  >
    <span
      className=""
      style={
        Object {
          "display": "inline-block",
        }
      }
    />
  </div>
</footer>
`;
