// Jest Snapshot v1, https://goo.gl/fbAQLP

exports[`<FinanceExplainedContainer /> should match snapshot 1`] = `
<body>
  <div>
    <div
      class="row:title"
    >
      <nav>
        <ol
          class="breadcrumb"
        >
          <li
            class="breadcrumb-item -parent"
          >
            <a
              class="link breadcrumb-item--backlink -teal -small -plain"
              href="/"
            >
              Back to 
              Home
              <i
                class="icon -medium -xsmall"
              >
                <svg
                  height="1em"
                  viewBox="0 0 512 512"
                  width="1em"
                >
                  <title>
                    ionicons-v5-a
                  </title>
                  <polyline
                    points="328 112 184 256 328 400"
                    style="fill: none; stroke: var(--class-color); stroke-linecap: round; stroke-linejoin: round; stroke-width: 48;"
                  />
                </svg>
              </i>
            </a>
            <a
              class="link breadcrumb-item--parent -teal -small -plain"
              href="/"
            >
              Home
            </a>
            <i
              class="icon -medium -xsmall"
            >
              <svg
                height="1em"
                viewBox="0 0 512 512"
                width="1em"
              >
                <title>
                  ionicons-v5-a
                </title>
                <polyline
                  points="184 112 328 256 184 400"
                  style="fill: none; stroke: var(--class-color); stroke-linecap: round; stroke-linejoin: round; stroke-width: 48;"
                />
              </svg>
            </i>
          </li>
          <li
            class="breadcrumb-item -parent"
          >
            <a
              class="link breadcrumb-item--backlink -teal -small -plain"
              href="/blog"
            >
              Back to 
              Blog
              <i
                class="icon -medium -xsmall"
              >
                <svg
                  height="1em"
                  viewBox="0 0 512 512"
                  width="1em"
                >
                  <title>
                    ionicons-v5-a
                  </title>
                  <polyline
                    points="328 112 184 256 328 400"
                    style="fill: none; stroke: var(--class-color); stroke-linecap: round; stroke-linejoin: round; stroke-width: 48;"
                  />
                </svg>
              </i>
            </a>
            <a
              class="link breadcrumb-item--parent -teal -small -plain"
              href="/blog"
            >
              Blog
            </a>
            <i
              class="icon -medium -xsmall"
            >
              <svg
                height="1em"
                viewBox="0 0 512 512"
                width="1em"
              >
                <title>
                  ionicons-v5-a
                </title>
                <polyline
                  points="184 112 328 256 184 400"
                  style="fill: none; stroke: var(--class-color); stroke-linecap: round; stroke-linejoin: round; stroke-width: 48;"
                />
              </svg>
            </i>
          </li>
          <li
            class="breadcrumb-item -child"
          >
            <span
              class="text breadcrumb-item--child -small -darker"
            >
              Post
            </span>
          </li>
        </ol>
      </nav>
      <h1
        class="heading -black -xlarge"
      >
        Top 5 Electric Vans Sort Of
      </h1>
    </div>
    <div
      class="row:bg-white -compact"
    >
      <div
        class="row:featured-image"
      >
        <div
          class="image -white -expand"
        >
          <img
            class="image--native"
            src="//images.ctfassets.net/3xid768u5joa/2FgrgR6JOuvUgIGRmV5rZg/648465d10d6aa137a720013270728029/maxus-top-electric-vans.jpg"
          />
        </div>
      </div>
    </div>
    <div
      class="row:article"
    >
      <article
        class="markdown"
      >
        <h4>
          <strong>
            By Paul Kirby, Vanarama Head Of EV & LCV
          </strong>
        </h4>
        <p>
          **If I was to scour the internet for the best lease deals on an electric van I would probably find only 4 electric vehicles available for sale.
        </p>
      </article>
      <div>
        <div
          class="card"
          data-testid="card"
        >
          <div
            class="title"
          >
            <a
              class="card--link link -black -regular"
              data-testid="link"
              href="https://www.vanarama.com/latest-news/category/van-news.html"
              rel="noopener noreferrer"
            >
              Van News
            </a>
          </div>
          <span
            class="text -regular -dark"
            data-testid="card-description"
          >
            Van and pickup news from the UK's number one van leasing specialists. Bringing you the latest news on all things connected to business motoring in 2019
          </span>
          <button
            class="button -mt-400 -teal -small -solid"
          >
            <div
              class="button--inner"
            >
              Read More
            </div>
          </button>
        </div>
      </div>
    </div>
  </div>
</body>
`;
