// Jest Snapshot v1, https://goo.gl/fbAQLP

exports[`<PersonalInformation /> should render correctly 1`] = `
<div
  className="my-details--form"
  style={
    Object {
      "gridColumnEnd": 6,
    }
  }
>
  <form
    className="form"
    onSubmit={[Function]}
  >
    <p
      className="heading -black -large"
      data-testid="personHeading"
    >
      Personal Information
    </p>
    <section
      className="structured-list -styled-headers"
    >
      <div
        className="structured-list-tbody"
      >
        <div
          className="structured-list-row"
        >
          <div
            className="structured-list-td structured-list-content--nowrap -pr-600"
            style={
              Object {
                "verticalAlign": "middle",
              }
            }
          >
            First Name
          </div>
          <div
            className="structured-list-td"
          >
            Robby
          </div>
        </div>
        <div
          className="structured-list-row"
        >
          <div
            className="structured-list-td structured-list-content--nowrap"
            style={
              Object {
                "verticalAlign": "middle",
              }
            }
          >
            Last Name
          </div>
          <div
            className="structured-list-td"
          >
            William
          </div>
        </div>
        <div
          className="structured-list-row "
        >
          <div
            className="structured-list-td structured-list-content--nowrap"
            style={
              Object {
                "verticalAlign": "middle",
              }
            }
          >
            Address
          </div>
          <div
            className="structured-list-td"
          >
            Building 1000, Lakeside North Harbour - Portsmouth, PO6 3EN
          </div>
        </div>
        <div
          className="structured-list-row "
        >
          <div
            className="structured-list-td structured-list-content--nowrap"
            style={
              Object {
                "verticalAlign": "middle",
              }
            }
          >
            Telephone
          </div>
          <div
            className="structured-list-td"
          >
            07987654567d
          </div>
        </div>
        <div
          className="structured-list-row "
        >
          <div
            className="structured-list-td structured-list-content--nowrap"
            style={
              Object {
                "verticalAlign": "middle",
              }
            }
          >
            Email
          </div>
          <div
            className="structured-list-td"
          >
            someone.testing.motorama+44@gmail.com
          </div>
        </div>
      </div>
    </section>
    <div>
      <p
        className="heading -black -large"
        data-testid="updated"
      >
        Keep Me Updated
      </p>
      <div
        className="formgroup -mb-300 -mt-300"
      >
        
        <div
          className="formgroup--content"
        >
          <div
            className="checkbox -teal"
          >
            <input
              className="checkbox--native visually-hidden"
              data-testid="emailConsent"
              defaultChecked={false}
              disabled={true}
              id="emailConsent"
              name="emailConsent"
              type="checkbox"
            />
            <label
              className="checkbox--label"
              htmlFor="emailConsent"
            >
              <span
                className="text -regular -darker"
              >
                I want to be kept updated about exclusive deals & offers from Vanarama.
              </span>
            </label>
          </div>
        </div>
      </div>
      <p
        className="text -pl-500 -regular -darker"
      >
        You may unsubscribe from these communications at anytime. For further information please check out our
        <a
          className="link -teal -ml-100"
          href="/legal/privacy-policy.html"
          target="_blank"
        >
          Privacy Policy
        </a>
        .
      </p>
    </div>
    <div
      style={
        Object {
          "marginTop": "15px",
        }
      }
    >
      <button
        className="button -teal -regular -solid"
        data-testid="personalSubmit"
        disabled={false}
        onClick={[Function]}
        type="button"
      >
        <div
          className="button--inner"
        >
          Edit Personal Details
        </div>
      </button>
    </div>
  </form>
</div>
`;
