// Jest Snapshot v1, https://goo.gl/fbAQLP

exports[`<FinanceExplainedContainer /> should match snapshot 1`] = `
<body>
  <div>
    <div
      class="row:title"
    >
      <h1
        class="heading -black -xlarge"
      >
        Car Leasing Explained
      </h1>
    </div>
    <div
      class="row:bg-black -compact"
    >
      <div
        class="row:featured-image"
      />
    </div>
    <div
      class="row:article"
    >
      <article
        class="markdown"
      >
        <p
          class="text -regular -darker"
        >
          At Vanarama, we can offer you the best car leasing option to suit your needs, whether it's personal contract hire or business contract hire.
        </p>
        <p
          class="text -regular -darker"
        >
          We understand the importance of your new car decision and want to make sure the process is as simple and seamless as possible for you. You can find out how we do this by visiting our page about 
          <a
            class="link -teal"
            data-testid="link"
            href="https://beta.vanarama.com/car-leasing-explained.html"
          >
            How Car Leasing Works
          </a>
          .
        </p>
        <p
          class="text -regular -darker"
        >
          You can use the links below to view the key features and benefits of the new car finance products available. Our in-depth FAQs will also help with any specific queries. If you need any more information, please feel free to pick up the phone to one of our Account Managers on 01442 835 769 or drop us an email at 
          <a
            class="link -teal"
            data-testid="router-link"
            href="/mailto:enquiries@vanarama.co.uk"
          >
            enquiries@vanarama.co.uk
          </a>
          .
        </p>
        <h3
          class="text -lead -darker"
        >
          Available New Car Finance Leasing Options
        </h3>
        <ul>
          <li>
            <a
              class="link -teal"
              data-testid="link"
              href="https://beta.vanarama.com/car-business-contract-hire.html"
            >
              Business Contract Hire
            </a>
          </li>
          <li>
            <a
              class="link -teal"
              data-testid="link"
              href="https://beta.vanarama.com/car-personal-contract-hire.html"
            >
              Personal Contract Hire
            </a>
          </li>
        </ul>
      </article>
      <div>
        <span
          class="heading -black -large"
        >
          Our Leasing Guides
        </span>
        <div
          class="card"
          data-testid="card"
        >
          <img
            class="card-image"
            data-testid="card-image"
            loading="lazy"
            sizes="(min-width:3200px) 800px, 1200px"
            src="https://vanarama-nonprod.com/cdn-cgi/image/fit=scale-down,height=1920,width=1920,quality=75,sharpness=0,metadata=none,format=undefined/https://images.ctfassets.net/3xid768u5joa/FRg0wIDLXZqVIB9ZoJEw7/e04f3cfdfb2ad9405be84ef106d83d26/company-cash-allowance-vs-company-car.jpg"
            srcset="https://vanarama-nonprod.com/cdn-cgi/image/fit=scale-down,height=320,width=320,quality=60,sharpness=0,metadata=none,format=undefined/https://images.ctfassets.net/3xid768u5joa/FRg0wIDLXZqVIB9ZoJEw7/e04f3cfdfb2ad9405be84ef106d83d26/company-cash-allowance-vs-company-car.jpg 320w, https://vanarama-nonprod.com/cdn-cgi/image/fit=scale-down,height=800,width=800,quality=70,sharpness=0,metadata=none,format=undefined/https://images.ctfassets.net/3xid768u5joa/FRg0wIDLXZqVIB9ZoJEw7/e04f3cfdfb2ad9405be84ef106d83d26/company-cash-allowance-vs-company-car.jpg 800w, https://vanarama-nonprod.com/cdn-cgi/image/fit=scale-down,height=1200,width=1200,quality=75,sharpness=0,metadata=none,format=undefined/https://images.ctfassets.net/3xid768u5joa/FRg0wIDLXZqVIB9ZoJEw7/e04f3cfdfb2ad9405be84ef106d83d26/company-cash-allowance-vs-company-car.jpg 1200w"
          />
          <div
            class="title"
          >
            <span
              class="heading -black -lead"
              data-testid="card-heading"
            >
              Company Cash Allowance Vs Company Car
            </span>
          </div>
          <span
            class="text -regular -dark"
            data-testid="card-description"
          >
            So what should you consider if you are a company car driver reviewing your options?

[Read More](https://beta.vanarama.com/car-leasing-explained/given-company-cash-allowance-vs-company-car.html)
          </span>
          <a
            class="link -teal"
            data-testid="link"
            href="https://betavanarama.com/van-leasing-explained/how-does-van-leasing-work.html"
          >
            Read More
          </a>
        </div>
        <div
          class="card"
          data-testid="card"
        >
          <img
            class="card-image"
            data-testid="card-image"
            loading="lazy"
            sizes="(min-width:3200px) 800px, 1200px"
            src="https://vanarama-nonprod.com/cdn-cgi/image/fit=scale-down,height=1920,width=1920,quality=75,sharpness=0,metadata=none,format=undefined/https://images.ctfassets.net/3xid768u5joa/2gBj5lixlkrla8kFNF8XSi/0fea9544b48e892f4f96d612b9be9c70/what-happens-at-end-of-car-lease.jpg"
            srcset="https://vanarama-nonprod.com/cdn-cgi/image/fit=scale-down,height=320,width=320,quality=60,sharpness=0,metadata=none,format=undefined/https://images.ctfassets.net/3xid768u5joa/2gBj5lixlkrla8kFNF8XSi/0fea9544b48e892f4f96d612b9be9c70/what-happens-at-end-of-car-lease.jpg 320w, https://vanarama-nonprod.com/cdn-cgi/image/fit=scale-down,height=800,width=800,quality=70,sharpness=0,metadata=none,format=undefined/https://images.ctfassets.net/3xid768u5joa/2gBj5lixlkrla8kFNF8XSi/0fea9544b48e892f4f96d612b9be9c70/what-happens-at-end-of-car-lease.jpg 800w, https://vanarama-nonprod.com/cdn-cgi/image/fit=scale-down,height=1200,width=1200,quality=75,sharpness=0,metadata=none,format=undefined/https://images.ctfassets.net/3xid768u5joa/2gBj5lixlkrla8kFNF8XSi/0fea9544b48e892f4f96d612b9be9c70/what-happens-at-end-of-car-lease.jpg 1200w"
          />
          <div
            class="title"
          >
            <span
              class="heading -black -lead"
              data-testid="card-heading"
            >
              What Happens At The End Of A Car Lease?
            </span>
          </div>
          <span
            class="text -regular -dark"
            data-testid="card-description"
          >
            At the end of a lease contract, you simply hand back the car to the finance company...

[Read More](https://beta.vanarama.com/car-leasing-explained/what-happens-at-end-of-car-lease.html)
          </span>
          <a
            class="link -teal"
            data-testid="link"
            href="https://betavanarama.com/van-leasing-explained/how-does-van-leasing-work.html"
          >
            Read More
          </a>
        </div>
      </div>
    </div>
    <div
      class="row:comments"
    />
  </div>
</body>
`;
